  table.cpp
C:\Users\Руслан\OneDrive\Рабочий стол\Новая папка (4)\Dispatcher\Dispetcher\table.cpp(467,83): warning C4244: аргумент: преобразование "int" в "float", возможна потеря данных
C:\Users\Руслан\OneDrive\Рабочий стол\Новая папка (4)\Dispatcher\Dispetcher\table.cpp(467,62): warning C4244: аргумент: преобразование "int" в "float", возможна потеря данных
C:\Users\Руслан\OneDrive\Рабочий стол\Новая папка (4)\Dispatcher\Dispetcher\table.cpp(493,89): warning C4244: аргумент: преобразование "int" в "float", возможна потеря данных
C:\Users\Руслан\OneDrive\Рабочий стол\Новая папка (4)\Dispatcher\Dispetcher\table.cpp(493,68): warning C4244: аргумент: преобразование "int" в "float", возможна потеря данных
C:\Users\Руслан\OneDrive\Рабочий стол\Новая папка (4)\Dispatcher\Dispetcher\table.cpp(511,83): warning C4244: аргумент: преобразование "int" в "float", возможна потеря данных
C:\Users\Руслан\OneDrive\Рабочий стол\Новая папка (4)\Dispatcher\Dispetcher\table.cpp(511,62): warning C4244: аргумент: преобразование "int" в "float", возможна потеря данных
C:\Users\Руслан\OneDrive\Рабочий стол\Новая папка (4)\Dispatcher\Dispetcher\table.cpp(517,87): warning C4244: аргумент: преобразование "int" в "float", возможна потеря данных
C:\Users\Руслан\OneDrive\Рабочий стол\Новая папка (4)\Dispatcher\Dispetcher\table.cpp(517,66): warning C4244: аргумент: преобразование "int" в "float", возможна потеря данных
C:\Users\Руслан\OneDrive\Рабочий стол\Новая папка (4)\Dispatcher\Dispetcher\table.cpp(524,81): warning C4244: аргумент: преобразование "int" в "float", возможна потеря данных
C:\Users\Руслан\OneDrive\Рабочий стол\Новая папка (4)\Dispatcher\Dispetcher\table.cpp(524,60): warning C4244: аргумент: преобразование "int" в "float", возможна потеря данных
C:\Users\Руслан\OneDrive\Рабочий стол\Новая папка (4)\Dispatcher\Dispetcher\table.cpp(531,81): warning C4244: аргумент: преобразование "int" в "float", возможна потеря данных
C:\Users\Руслан\OneDrive\Рабочий стол\Новая папка (4)\Dispatcher\Dispetcher\table.cpp(531,60): warning C4244: аргумент: преобразование "int" в "float", возможна потеря данных
C:\Program Files\Microsoft Visual Studio\2022\Community\VC\Tools\MSVC\14.41.34120\include\utility(247,16): warning C4267: инициализация: преобразование из "size_t" в "_Ty1"; возможна потеря данных
C:\Program Files\Microsoft Visual Studio\2022\Community\VC\Tools\MSVC\14.41.34120\include\utility(247,16): warning C4267:         with
C:\Program Files\Microsoft Visual Studio\2022\Community\VC\Tools\MSVC\14.41.34120\include\utility(247,16): warning C4267:         [
C:\Program Files\Microsoft Visual Studio\2022\Community\VC\Tools\MSVC\14.41.34120\include\utility(247,16): warning C4267:             _Ty1=int
C:\Program Files\Microsoft Visual Studio\2022\Community\VC\Tools\MSVC\14.41.34120\include\utility(247,16): warning C4267:         ]
  (компиляция исходного файла "table.cpp")
      C:\Program Files\Microsoft Visual Studio\2022\Community\VC\Tools\MSVC\14.41.34120\include\utility(247,16):
      контекст создания экземпляра шаблона (сначала самый старый)
          C:\Users\Руслан\OneDrive\Рабочий стол\Новая папка (4)\Dispatcher\Dispetcher\table.cpp(276,36):
          выполняется компиляция ссылки на экземпляр шаблон функции "void std::vector<std::pair<int,int>,std::allocator<std::pair<int,int>>>::emplace_back<size_t&,size_t&>(size_t &,size_t &)"
          C:\Program Files\Microsoft Visual Studio\2022\Community\VC\Tools\MSVC\14.41.34120\include\vector(858,24):
          выполняется компиляция ссылки на экземпляр шаблон функции "_Ty &std::vector<_Ty,std::allocator<_Ty>>::_Emplace_one_at_back<size_t&,size_t&>(size_t &,size_t &)"
          with
          [
              _Ty=std::pair<int,int>
          ]
          C:\Program Files\Microsoft Visual Studio\2022\Community\VC\Tools\MSVC\14.41.34120\include\vector(776,20):
          выполняется компиляция ссылки на экземпляр шаблон функции "_Ty &std::vector<_Ty,std::allocator<_Ty>>::_Emplace_back_with_unused_capacity<size_t&,size_t&>(size_t &,size_t &)"
          with
          [
              _Ty=std::pair<int,int>
          ]
          C:\Program Files\Microsoft Visual Studio\2022\Community\VC\Tools\MSVC\14.41.34120\include\vector(791,13):
          выполняется компиляция ссылки на экземпляр шаблон функции "void std::_Construct_in_place<std::pair<int,int>,size_t&,size_t&>(_Ty &,size_t &,size_t &) noexcept"
          with
          [
              _Ty=std::pair<int,int>
          ]
          C:\Program Files\Microsoft Visual Studio\2022\Community\VC\Tools\MSVC\14.41.34120\include\xutility(403,61):
          выполняется компиляция ссылки на экземпляр шаблон функции "std::pair<int,int>::pair<size_t&,size_t&,0>(_Other1,_Other2) noexcept"
          with
          [
              _Other1=size_t &,
              _Other2=size_t &
          ]
  
C:\Program Files\Microsoft Visual Studio\2022\Community\VC\Tools\MSVC\14.41.34120\include\utility(247,54): warning C4267: инициализация: преобразование из "size_t" в "_Ty2"; возможна потеря данных
C:\Program Files\Microsoft Visual Studio\2022\Community\VC\Tools\MSVC\14.41.34120\include\utility(247,54): warning C4267:         with
C:\Program Files\Microsoft Visual Studio\2022\Community\VC\Tools\MSVC\14.41.34120\include\utility(247,54): warning C4267:         [
C:\Program Files\Microsoft Visual Studio\2022\Community\VC\Tools\MSVC\14.41.34120\include\utility(247,54): warning C4267:             _Ty2=int
C:\Program Files\Microsoft Visual Studio\2022\Community\VC\Tools\MSVC\14.41.34120\include\utility(247,54): warning C4267:         ]
  (компиляция исходного файла "table.cpp")
  
  Dispetcher.vcxproj -> C:\Users\Руслан\OneDrive\Рабочий стол\Новая папка (4)\Dispatcher\x64\Debug\Dispetcher.exe
